PS C:\Users\t17n\OneDrive\デスクトップ\git_challenge> git init
Initialized empty Git repository in C:/Users/t17n/OneDrive/デスクトップ/git_challenge/.git/

PS C:\Users\t17n\OneDrive\デスクトップ\git_challenge> git add hello_world.txt

PS C:\Users\t17n\OneDrive\デスクトップ\git_challenge> git commit -m "hello_world.txtを追加"
[main (root-commit) fcf9bdd] hello_world.txtを追加
 1 file changed, 2 insertions(+)
 create mode 100644 hello_world.txt

PS C:\Users\t17n\OneDrive\デスクトップ\git_challenge> git add hello_world.txt

PS C:\Users\t17n\OneDrive\デスクトップ\git_challenge> git commit -m "日本語訳を追記"
[main 4e991c0] 日本語訳を追記
 1 file changed, 1 insertion(+)

PS C:\Users\t17n\OneDrive\デスクトップ\git_challenge> git log --oneline
4e991c0 (HEAD -> main) 日本語訳を追記
fcf9bdd hello_world.txtを追加